#1 [internal] load local bake definitions
#1 reading from stdin 585B done
#1 DONE 0.0s

#2 [internal] load build definition from Dockerfile
#2 transferring dockerfile: 425B done
#2 DONE 0.0s

#3 [internal] load metadata for docker.io/library/python:3.11-slim
#3 DONE 0.3s

#4 [internal] load .dockerignore
#4 transferring context: 590B done
#4 DONE 0.0s

#5 [1/6] FROM docker.io/library/python:3.11-slim@sha256:94c50be2dc994b873b55bc123e95e6dbade08095b3dfd790f51c34de3f08cbb7
#5 resolve docker.io/library/python:3.11-slim@sha256:94c50be2dc994b873b55bc123e95e6dbade08095b3dfd790f51c34de3f08cbb7 0.0s done
#5 DONE 0.0s

#6 [internal] load build context
#6 transferring context: 12.49kB 0.0s done
#6 DONE 0.0s

#7 [2/6] WORKDIR /app
#7 CACHED

#8 [3/6] RUN apt-get update && apt-get install -y --no-install-recommends     build-essential     libpq-dev     && rm -rf /var/lib/apt/lists/*
#8 CACHED

#9 [4/6] COPY requirements.txt .
#9 CACHED

#10 [5/6] RUN pip install --no-cache-dir -r requirements.txt
#10 2.911 Collecting pandas>=2.1.0 (from -r requirements.txt (line 2))
#10 3.010   Downloading pandas-3.0.5-cp311-cp311-manylinux_2_24_x86_64.manylinux_2_28_x86_64.whl.metadata (79 kB)
#10 3.032      ━━━━━━━━━━━━━━━━━━━━━━━━━━━━━━━━━━━━━━━━ 79.5/79.5 kB 3.8 MB/s eta 0:00:00
#10 3.360 Collecting numpy>=1.26.0 (from -r requirements.txt (line 3))
#10 3.381   Downloading numpy-2.4.6-cp311-cp311-manylinux_2_27_x86_64.manylinux_2_28_x86_64.whl.metadata (6.6 kB)
#10 3.501 Collecting scikit-learn>=1.4.0 (from -r requirements.txt (line 4))
#10 3.521   Downloading scikit_learn-1.9.0-cp311-cp311-manylinux_2_27_x86_64.manylinux_2_28_x86_64.whl.metadata (11 kB)
#10 3.563 Collecting joblib>=1.3.0 (from -r requirements.txt (line 5))
#10 3.582   Downloading joblib-1.5.3-py3-none-any.whl.metadata (5.5 kB)
#10 3.642 Collecting xgboost>=2.0.0 (from -r requirements.txt (line 8))
#10 3.667   Downloading xgboost-3.2.0-py3-none-manylinux_2_28_x86_64.whl.metadata (2.1 kB)
#10 3.706 Collecting lightgbm>=4.1.0 (from -r requirements.txt (line 9))
#10 3.730   Downloading lightgbm-4.7.0-py3-none-manylinux_2_27_x86_64.manylinux_2_28_x86_64.whl.metadata (18 kB)
#10 3.838 Collecting catboost>=1.2.0 (from -r requirements.txt (line 10))
#10 3.859   Downloading catboost-1.2.10-cp311-cp311-manylinux2014_x86_64.whl.metadata (1.2 kB)
#10 3.898 Collecting optuna>=3.5.0 (from -r requirements.txt (line 13))
#10 3.917   Downloading optuna-4.9.0-py3-none-any.whl.metadata (15 kB)
#10 4.030 Collecting fastapi>=0.109.0 (from -r requirements.txt (line 16))
#10 4.049   Downloading fastapi-0.141.1-py3-none-any.whl.metadata (27 kB)
#10 4.112 Collecting uvicorn>=0.27.0 (from uvicorn[standard]>=0.27.0->-r requirements.txt (line 17))
#10 4.134   Downloading uvicorn-0.52.1-py3-none-any.whl.metadata (6.6 kB)
#10 4.317 Collecting pydantic>=2.5.0 (from -r requirements.txt (line 18))
#10 4.340   Downloading pydantic-2.13.4-py3-none-any.whl.metadata (109 kB)
#10 4.347      ━━━━━━━━━━━━━━━━━━━━━━━━━━━━━━━━━━━━━━ 109.4/109.4 kB 22.1 MB/s eta 0:00:00
#10 4.424 Collecting pydantic-settings>=2.1.0 (from -r requirements.txt (line 19))
#10 4.450   Downloading pydantic_settings-2.14.2-py3-none-any.whl.metadata (3.4 kB)
#10 4.485 Collecting python-multipart>=0.0.6 (from -r requirements.txt (line 20))
#10 4.506   Downloading python_multipart-0.0.32-py3-none-any.whl.metadata (2.1 kB)
#10 4.887 Collecting sqlalchemy>=2.0.25 (from -r requirements.txt (line 23))
#10 4.906   Downloading sqlalchemy-2.0.51-cp311-cp311-manylinux2014_x86_64.manylinux_2_17_x86_64.manylinux_2_28_x86_64.whl.metadata (9.5 kB)
#10 4.993 Collecting psycopg2-binary>=2.9.9 (from -r requirements.txt (line 24))
#10 5.011   Downloading psycopg2_binary-2.9.12-cp311-cp311-manylinux2014_x86_64.manylinux_2_17_x86_64.whl.metadata (4.9 kB)
#10 5.068 Collecting alembic>=1.13.0 (from -r requirements.txt (line 25))
#10 5.085   Downloading alembic-1.19.0-py3-none-any.whl.metadata (7.3 kB)
#10 5.123 Collecting pdfplumber>=0.10.0 (from -r requirements.txt (line 28))
#10 5.145   Downloading pdfplumber-0.11.10-py3-none-any.whl.metadata (43 kB)
#10 5.148      ━━━━━━━━━━━━━━━━━━━━━━━━━━━━━━━━━━━━━━━ 43.7/43.7 kB 181.4 MB/s eta 0:00:00
#10 5.188 Collecting python-dateutil>=2.8.2 (from -r requirements.txt (line 31))
#10 5.204   Downloading python_dateutil-2.9.0.post0-py2.py3-none-any.whl.metadata (8.4 kB)
#10 5.291 Collecting httpx>=0.26.0 (from -r requirements.txt (line 32))
#10 5.309   Downloading httpx-0.28.1-py3-none-any.whl.metadata (7.1 kB)
#10 5.380 Collecting tqdm>=4.66.0 (from -r requirements.txt (line 33))
#10 5.401   Downloading tqdm-4.70.0-py3-none-any.whl.metadata (57 kB)
#10 5.404      ━━━━━━━━━━━━━━━━━━━━━━━━━━━━━━━━━━━━━━━━ 57.3/57.3 kB 63.2 MB/s eta 0:00:00
#10 5.465 Collecting pyyaml>=6.0.1 (from -r requirements.txt (line 34))
#10 5.481   Downloading pyyaml-6.0.3-cp311-cp311-manylinux2014_x86_64.manylinux_2_17_x86_64.manylinux_2_28_x86_64.whl.metadata (2.4 kB)
#10 5.558 Collecting pytest>=7.4.0 (from -r requirements.txt (line 37))
#10 5.580   Downloading pytest-9.1.1-py3-none-any.whl.metadata (7.6 kB)
#10 5.629 Collecting pytest-asyncio>=0.23.0 (from -r requirements.txt (line 38))
#10 5.646   Downloading pytest_asyncio-1.4.0-py3-none-any.whl.metadata (4.1 kB)
#10 5.926 Collecting scipy>=1.10.0 (from scikit-learn>=1.4.0->-r requirements.txt (line 4))
#10 5.945   Downloading scipy-1.17.1-cp311-cp311-manylinux_2_27_x86_64.manylinux_2_28_x86_64.whl.metadata (62 kB)
#10 5.949      ━━━━━━━━━━━━━━━━━━━━━━━━━━━━━━━━━━━━━━━━ 62.1/62.1 kB 65.2 MB/s eta 0:00:00
#10 6.052 Collecting narwhals>=2.0.1 (from scikit-learn>=1.4.0->-r requirements.txt (line 4))
#10 6.070   Downloading narwhals-2.24.0-py3-none-any.whl.metadata (15 kB)
#10 6.100 Collecting threadpoolctl>=3.5.0 (from scikit-learn>=1.4.0->-r requirements.txt (line 4))
#10 6.120   Downloading threadpoolctl-3.6.0-py3-none-any.whl.metadata (13 kB)
#10 6.163 Collecting nvidia-nccl-cu12 (from xgboost>=2.0.0->-r requirements.txt (line 8))
#10 6.185   Downloading nvidia_nccl_cu12-2.30.7-py3-none-manylinux_2_18_x86_64.whl.metadata (2.1 kB)
#10 6.272 Collecting graphviz (from catboost>=1.2.0->-r requirements.txt (line 10))
#10 6.299   Downloading graphviz-0.21-py3-none-any.whl.metadata (12 kB)
#10 6.551 Collecting matplotlib (from catboost>=1.2.0->-r requirements.txt (line 10))
#10 6.570   Downloading matplotlib-3.11.1-cp311-cp311-manylinux2014_x86_64.manylinux_2_17_x86_64.whl.metadata (80 kB)
#10 6.575      ━━━━━━━━━━━━━━━━━━━━━━━━━━━━━━━━━━━━━━━━ 80.3/80.3 kB 34.8 MB/s eta 0:00:00
#10 6.675 Collecting plotly (from catboost>=1.2.0->-r requirements.txt (line 10))
#10 6.696   Downloading plotly-6.9.0-py3-none-any.whl.metadata (9.0 kB)
#10 6.726 Collecting six (from catboost>=1.2.0->-r requirements.txt (line 10))
#10 6.749   Downloading six-1.17.0-py2.py3-none-any.whl.metadata (1.7 kB)
#10 6.813 Collecting colorlog (from optuna>=3.5.0->-r requirements.txt (line 13))
#10 6.837   Downloading colorlog-6.12.0-py3-none-any.whl.metadata (11 kB)
#10 6.841 Requirement already satisfied: packaging>=20.0 in /usr/local/lib/python3.11/site-packages (from optuna>=3.5.0->-r requirements.txt (line 13)) (26.3)
#10 6.934 Collecting starlette>=0.46.0 (from fastapi>=0.109.0->-r requirements.txt (line 16))
#10 6.953   Downloading starlette-1.4.1-py3-none-any.whl.metadata (6.4 kB)
#10 7.004 Collecting typing-extensions>=4.8.0 (from fastapi>=0.109.0->-r requirements.txt (line 16))
#10 7.021   Downloading typing_extensions-4.16.0-py3-none-any.whl.metadata (3.3 kB)
#10 7.047 Collecting typing-inspection>=0.4.2 (from fastapi>=0.109.0->-r requirements.txt (line 16))
#10 7.068   Downloading typing_inspection-0.4.2-py3-none-any.whl.metadata (2.6 kB)
#10 7.097 Collecting annotated-doc>=0.0.2 (from fastapi>=0.109.0->-r requirements.txt (line 16))
#10 7.115   Downloading annotated_doc-0.0.5-py3-none-any.whl.metadata (6.5 kB)
#10 7.164 Collecting click>=7.0 (from uvicorn>=0.27.0->uvicorn[standard]>=0.27.0->-r requirements.txt (line 17))
#10 7.182   Downloading click-8.4.2-py3-none-any.whl.metadata (2.6 kB)
#10 7.212 Collecting h11>=0.8 (from uvicorn>=0.27.0->uvicorn[standard]>=0.27.0->-r requirements.txt (line 17))
#10 7.234   Downloading h11-0.16.0-py3-none-any.whl.metadata (8.3 kB)
#10 7.269 Collecting annotated-types>=0.6.0 (from pydantic>=2.5.0->-r requirements.txt (line 18))
#10 7.289   Downloading annotated_types-0.8.0-py3-none-any.whl.metadata (15 kB)
#10 8.207 Collecting pydantic-core==2.46.4 (from pydantic>=2.5.0->-r requirements.txt (line 18))
#10 8.225   Downloading pydantic_core-2.46.4-cp311-cp311-manylinux_2_17_x86_64.manylinux2014_x86_64.whl.metadata (6.6 kB)
#10 8.287 Collecting python-dotenv>=0.21.0 (from pydantic-settings>=2.1.0->-r requirements.txt (line 19))
#10 8.315   Downloading python_dotenv-1.2.2-py3-none-any.whl.metadata (27 kB)
#10 8.539 Collecting greenlet>=1 (from sqlalchemy>=2.0.25->-r requirements.txt (line 23))
#10 8.558   Downloading greenlet-3.5.4-cp311-cp311-manylinux_2_24_x86_64.manylinux_2_28_x86_64.whl.metadata (3.8 kB)
#10 8.720 Collecting Mako (from alembic>=1.13.0->-r requirements.txt (line 25))
#10 8.739   Downloading mako-1.4.1-py3-none-any.whl.metadata (2.9 kB)
#10 8.788 Collecting pdfminer.six==20260107 (from pdfplumber>=0.10.0->-r requirements.txt (line 28))
#10 8.803   Downloading pdfminer_six-20260107-py3-none-any.whl.metadata (4.3 kB)
#10 9.025 Collecting Pillow>=12.2.0 (from pdfplumber>=0.10.0->-r requirements.txt (line 28))
#10 9.043   Downloading pillow-12.3.0-cp311-cp311-manylinux_2_27_x86_64.manylinux_2_28_x86_64.whl.metadata (9.1 kB)
#10 9.184 Collecting pypdfium2>=5.9.0 (from pdfplumber>=0.10.0->-r requirements.txt (line 28))
#10 9.202   Downloading pypdfium2-5.12.1-py3-none-manylinux_2_17_x86_64.manylinux2014_x86_64.whl.metadata (69 kB)
#10 9.206      ━━━━━━━━━━━━━━━━━━━━━━━━━━━━━━━━━━━━━━━━ 69.1/69.1 kB 30.2 MB/s eta 0:00:00
#10 9.351 Collecting charset-normalizer>=2.0.0 (from pdfminer.six==20260107->pdfplumber>=0.10.0->-r requirements.txt (line 28))
#10 9.371   Downloading charset_normalizer-3.4.9-cp311-cp311-manylinux2014_x86_64.manylinux_2_17_x86_64.manylinux_2_28_x86_64.whl.metadata (41 kB)
#10 9.373      ━━━━━━━━━━━━━━━━━━━━━━━━━━━━━━━━━━━━━━━ 41.7/41.7 kB 226.2 MB/s eta 0:00:00
#10 9.652 Collecting cryptography>=36.0.0 (from pdfminer.six==20260107->pdfplumber>=0.10.0->-r requirements.txt (line 28))
#10 9.675   Downloading cryptography-50.0.0-cp311-abi3-manylinux_2_34_x86_64.whl.metadata (4.3 kB)
#10 9.738 Collecting anyio (from httpx>=0.26.0->-r requirements.txt (line 32))
#10 9.759   Downloading anyio-4.14.2-py3-none-any.whl.metadata (4.6 kB)
#10 9.797 Collecting certifi (from httpx>=0.26.0->-r requirements.txt (line 32))
#10 9.818   Downloading certifi-2026.7.22-py3-none-any.whl.metadata (2.5 kB)
#10 9.858 Collecting httpcore==1.* (from httpx>=0.26.0->-r requirements.txt (line 32))
#10 9.882   Downloading httpcore-1.0.9-py3-none-any.whl.metadata (21 kB)
#10 9.924 Collecting idna (from httpx>=0.26.0->-r requirements.txt (line 32))
#10 9.943   Downloading idna-3.18-py3-none-any.whl.metadata (6.1 kB)
#10 10.09 Collecting iniconfig>=1.0.1 (from pytest>=7.4.0->-r requirements.txt (line 37))
#10 10.11   Downloading iniconfig-2.3.0-py3-none-any.whl.metadata (2.5 kB)
#10 10.15 Collecting pluggy<2,>=1.5 (from pytest>=7.4.0->-r requirements.txt (line 37))
#10 10.16   Downloading pluggy-1.6.0-py3-none-any.whl.metadata (4.8 kB)
#10 10.21 Collecting pygments>=2.7.2 (from pytest>=7.4.0->-r requirements.txt (line 37))
#10 10.22   Downloading pygments-2.20.0-py3-none-any.whl.metadata (2.5 kB)
#10 10.31 Collecting httptools>=0.8.0 (from uvicorn[standard]>=0.27.0->-r requirements.txt (line 17))
#10 10.32   Downloading httptools-0.8.0-cp311-cp311-manylinux1_x86_64.manylinux_2_28_x86_64.manylinux_2_5_x86_64.whl.metadata (3.5 kB)
#10 10.39 Collecting uvloop>=0.15.1 (from uvicorn[standard]>=0.27.0->-r requirements.txt (line 17))
#10 10.42   Downloading uvloop-0.22.1-cp311-cp311-manylinux2014_x86_64.manylinux_2_17_x86_64.manylinux_2_28_x86_64.whl.metadata (4.9 kB)
#10 10.52 Collecting watchfiles>=0.20 (from uvicorn[standard]>=0.27.0->-r requirements.txt (line 17))
#10 10.54   Downloading watchfiles-1.2.0-cp311-cp311-manylinux_2_17_x86_64.manylinux2014_x86_64.whl.metadata (4.9 kB)
#10 10.68 Collecting websockets>=13.0 (from uvicorn[standard]>=0.27.0->-r requirements.txt (line 17))
#10 10.70   Downloading websockets-17.0.1-cp311-cp311-manylinux1_x86_64.manylinux_2_28_x86_64.manylinux_2_5_x86_64.whl.metadata (6.3 kB)
#10 11.03 Collecting MarkupSafe>=2.0 (from Mako->alembic>=1.13.0->-r requirements.txt (line 25))
#10 11.05   Downloading markupsafe-3.0.3-cp311-cp311-manylinux2014_x86_64.manylinux_2_17_x86_64.manylinux_2_28_x86_64.whl.metadata (2.7 kB)
#10 11.16 Collecting contourpy>=1.0.1 (from matplotlib->catboost>=1.2.0->-r requirements.txt (line 10))
#10 11.18   Downloading contourpy-1.3.3-cp311-cp311-manylinux_2_27_x86_64.manylinux_2_28_x86_64.whl.metadata (5.5 kB)
#10 11.22 Collecting cycler>=0.10 (from matplotlib->catboost>=1.2.0->-r requirements.txt (line 10))
#10 11.24   Downloading cycler-0.12.1-py3-none-any.whl.metadata (3.8 kB)
#10 11.46 Collecting fonttools>=4.28.2 (from matplotlib->catboost>=1.2.0->-r requirements.txt (line 10))
#10 11.48   Downloading fonttools-4.63.0-cp311-cp311-manylinux2014_x86_64.manylinux_2_17_x86_64.whl.metadata (118 kB)
#10 11.49      ━━━━━━━━━━━━━━━━━━━━━━━━━━━━━━━━━━━━━━ 118.7/118.7 kB 45.5 MB/s eta 0:00:00
#10 11.58 Collecting kiwisolver>=1.3.1 (from matplotlib->catboost>=1.2.0->-r requirements.txt (line 10))
#10 11.60   Downloading kiwisolver-1.5.0-cp311-cp311-manylinux2014_x86_64.manylinux_2_17_x86_64.whl.metadata (5.1 kB)
#10 11.67 Collecting pyparsing>=3 (from matplotlib->catboost>=1.2.0->-r requirements.txt (line 10))
#10 11.69   Downloading pyparsing-3.3.2-py3-none-any.whl.metadata (5.8 kB)
#10 11.95 Collecting cffi>=2.0.0 (from cryptography>=36.0.0->pdfminer.six==20260107->pdfplumber>=0.10.0->-r requirements.txt (line 28))
#10 11.97   Downloading cffi-2.1.1-cp311-cp311-manylinux2014_x86_64.manylinux_2_17_x86_64.whl.metadata (2.5 kB)
#10 12.07 Collecting pycparser (from cffi>=2.0.0->cryptography>=36.0.0->pdfminer.six==20260107->pdfplumber>=0.10.0->-r requirements.txt (line 28))
#10 12.09   Downloading pycparser-3.0-py3-none-any.whl.metadata (8.2 kB)
#10 12.13 Downloading pandas-3.0.5-cp311-cp311-manylinux_2_24_x86_64.manylinux_2_28_x86_64.whl (11.3 MB)
#10 12.55    ━━━━━━━━━━━━━━━━━━━━━━━━━━━━━━━━━━━━━━━━ 11.3/11.3 MB 28.3 MB/s eta 0:00:00
#10 12.57 Downloading numpy-2.4.6-cp311-cp311-manylinux_2_27_x86_64.manylinux_2_28_x86_64.whl (16.9 MB)
#10 13.20    ━━━━━━━━━━━━━━━━━━━━━━━━━━━━━━━━━━━━━━━━ 16.9/16.9 MB 25.7 MB/s eta 0:00:00
#10 13.22 Downloading scikit_learn-1.9.0-cp311-cp311-manylinux_2_27_x86_64.manylinux_2_28_x86_64.whl (9.3 MB)
#10 13.51    ━━━━━━━━━━━━━━━━━━━━━━━━━━━━━━━━━━━━━━━━ 9.3/9.3 MB 32.5 MB/s eta 0:00:00
#10 13.53 Downloading joblib-1.5.3-py3-none-any.whl (309 kB)
#10 13.54    ━━━━━━━━━━━━━━━━━━━━━━━━━━━━━━━━━━━━━━━━ 309.1/309.1 kB 33.1 MB/s eta 0:00:00
#10 13.56 Downloading xgboost-3.2.0-py3-none-manylinux_2_28_x86_64.whl (131.7 MB)
#10 18.46    ━━━━━━━━━━━━━━━━━━━━━━━━━━━━━━━━━━━━━━━━ 131.7/131.7 MB 26.8 MB/s eta 0:00:00
#10 18.49 Downloading lightgbm-4.7.0-py3-none-manylinux_2_27_x86_64.manylinux_2_28_x86_64.whl (3.5 MB)
#10 18.62    ━━━━━━━━━━━━━━━━━━━━━━━━━━━━━━━━━━━━━━━━ 3.5/3.5 MB 26.8 MB/s eta 0:00:00
#10 18.64 Downloading catboost-1.2.10-cp311-cp311-manylinux2014_x86_64.whl (97.2 MB)
#10 22.25    ━━━━━━━━━━━━━━━━━━━━━━━━━━━━━━━━━━━━━━━━ 97.2/97.2 MB 24.7 MB/s eta 0:00:00
#10 22.27 Downloading optuna-4.9.0-py3-none-any.whl (425 kB)
#10 22.28    ━━━━━━━━━━━━━━━━━━━━━━━━━━━━━━━━━━━━━━━━ 425.6/425.6 kB 33.4 MB/s eta 0:00:00
#10 22.31 Downloading fastapi-0.141.1-py3-none-any.whl (131 kB)
#10 22.31    ━━━━━━━━━━━━━━━━━━━━━━━━━━━━━━━━━━━━━━━━ 132.0/132.0 kB 30.5 MB/s eta 0:00:00
#10 22.33 Downloading uvicorn-0.52.1-py3-none-any.whl (79 kB)
#10 22.34    ━━━━━━━━━━━━━━━━━━━━━━━━━━━━━━━━━━━━━━━━ 79.9/79.9 kB 22.5 MB/s eta 0:00:00
#10 22.36 Downloading pydantic-2.13.4-py3-none-any.whl (472 kB)
#10 22.38    ━━━━━━━━━━━━━━━━━━━━━━━━━━━━━━━━━━━━━━━━ 472.3/472.3 kB 25.9 MB/s eta 0:00:00
#10 22.40 Downloading pydantic_core-2.46.4-cp311-cp311-manylinux_2_17_x86_64.manylinux2014_x86_64.whl (2.1 MB)
#10 22.47    ━━━━━━━━━━━━━━━━━━━━━━━━━━━━━━━━━━━━━━━━ 2.1/2.1 MB 32.3 MB/s eta 0:00:00
#10 22.49 Downloading pydantic_settings-2.14.2-py3-none-any.whl (61 kB)
#10 22.49    ━━━━━━━━━━━━━━━━━━━━━━━━━━━━━━━━━━━━━━━━ 61.7/61.7 kB 19.3 MB/s eta 0:00:00
#10 22.51 Downloading python_multipart-0.0.32-py3-none-any.whl (30 kB)
#10 22.53 Downloading sqlalchemy-2.0.51-cp311-cp311-manylinux2014_x86_64.manylinux_2_17_x86_64.manylinux_2_28_x86_64.whl (3.3 MB)
#10 22.63    ━━━━━━━━━━━━━━━━━━━━━━━━━━━━━━━━━━━━━━━━ 3.3/3.3 MB 36.2 MB/s eta 0:00:00
#10 22.65 Downloading psycopg2_binary-2.9.12-cp311-cp311-manylinux2014_x86_64.manylinux_2_17_x86_64.whl (4.3 MB)
#10 22.81    ━━━━━━━━━━━━━━━━━━━━━━━━━━━━━━━━━━━━━━━━ 4.3/4.3 MB 26.2 MB/s eta 0:00:00
#10 22.83 Downloading alembic-1.19.0-py3-none-any.whl (265 kB)
#10 22.85    ━━━━━━━━━━━━━━━━━━━━━━━━━━━━━━━━━━━━━━━━ 265.7/265.7 kB 18.8 MB/s eta 0:00:00
#10 22.87 Downloading pdfplumber-0.11.10-py3-none-any.whl (60 kB)
#10 22.88    ━━━━━━━━━━━━━━━━━━━━━━━━━━━━━━━━━━━━━━━━ 60.0/60.0 kB 11.0 MB/s eta 0:00:00
#10 22.91 Downloading pdfminer_six-20260107-py3-none-any.whl (6.6 MB)
#10 23.13    ━━━━━━━━━━━━━━━━━━━━━━━━━━━━━━━━━━━━━━━━ 6.6/6.6 MB 30.0 MB/s eta 0:00:00
#10 23.15 Downloading python_dateutil-2.9.0.post0-py2.py3-none-any.whl (229 kB)
#10 23.17    ━━━━━━━━━━━━━━━━━━━━━━━━━━━━━━━━━━━━━━━━ 229.9/229.9 kB 25.7 MB/s eta 0:00:00
#10 23.19 Downloading httpx-0.28.1-py3-none-any.whl (73 kB)
#10 23.19    ━━━━━━━━━━━━━━━━━━━━━━━━━━━━━━━━━━━━━━━━ 73.5/73.5 kB 15.4 MB/s eta 0:00:00
#10 23.21 Downloading httpcore-1.0.9-py3-none-any.whl (78 kB)
#10 23.22    ━━━━━━━━━━━━━━━━━━━━━━━━━━━━━━━━━━━━━━━━ 78.8/78.8 kB 20.4 MB/s eta 0:00:00
#10 23.25 Downloading tqdm-4.70.0-py3-none-any.whl (80 kB)
#10 23.25    ━━━━━━━━━━━━━━━━━━━━━━━━━━━━━━━━━━━━━━━━ 80.2/80.2 kB 18.1 MB/s eta 0:00:00
#10 23.28 Downloading pyyaml-6.0.3-cp311-cp311-manylinux2014_x86_64.manylinux_2_17_x86_64.manylinux_2_28_x86_64.whl (806 kB)
#10 23.31    ━━━━━━━━━━━━━━━━━━━━━━━━━━━━━━━━━━━━━━━━ 806.6/806.6 kB 25.1 MB/s eta 0:00:00
#10 23.33 Downloading pytest-9.1.1-py3-none-any.whl (386 kB)
#10 23.34    ━━━━━━━━━━━━━━━━━━━━━━━━━━━━━━━━━━━━━━━━ 386.5/386.5 kB 38.9 MB/s eta 0:00:00
#10 23.36 Downloading pytest_asyncio-1.4.0-py3-none-any.whl (16 kB)
#10 23.39 Downloading annotated_doc-0.0.5-py3-none-any.whl (5.3 kB)
#10 23.41 Downloading annotated_types-0.8.0-py3-none-any.whl (13 kB)
#10 23.43 Downloading click-8.4.2-py3-none-any.whl (119 kB)
#10 23.56    ━━━━━━━━━━━━━━━━━━━━━━━━━━━━━━━━━━━━━━━━ 119.2/119.2 kB 42.5 MB/s eta 0:00:00
#10 23.58 Downloading greenlet-3.5.4-cp311-cp311-manylinux_2_24_x86_64.manylinux_2_28_x86_64.whl (624 kB)
#10 23.61    ━━━━━━━━━━━━━━━━━━━━━━━━━━━━━━━━━━━━━━━━ 624.7/624.7 kB 28.3 MB/s eta 0:00:00
#10 23.62 Downloading h11-0.16.0-py3-none-any.whl (37 kB)
#10 23.65 Downloading httptools-0.8.0-cp311-cp311-manylinux1_x86_64.manylinux_2_28_x86_64.manylinux_2_5_x86_64.whl (464 kB)
#10 23.67    ━━━━━━━━━━━━━━━━━━━━━━━━━━━━━━━━━━━━━━━━ 464.7/464.7 kB 22.3 MB/s eta 0:00:00
#10 23.69 Downloading iniconfig-2.3.0-py3-none-any.whl (7.5 kB)
#10 23.71 Downloading narwhals-2.24.0-py3-none-any.whl (461 kB)
#10 23.73    ━━━━━━━━━━━━━━━━━━━━━━━━━━━━━━━━━━━━━━━━ 461.0/461.0 kB 25.6 MB/s eta 0:00:00
#10 23.75 Downloading pillow-12.3.0-cp311-cp311-manylinux_2_27_x86_64.manylinux_2_28_x86_64.whl (6.9 MB)
#10 24.01    ━━━━━━━━━━━━━━━━━━━━━━━━━━━━━━━━━━━━━━━━ 6.9/6.9 MB 27.0 MB/s eta 0:00:00
#10 24.02 Downloading pluggy-1.6.0-py3-none-any.whl (20 kB)
#10 24.05 Downloading pygments-2.20.0-py3-none-any.whl (1.2 MB)
#10 24.09    ━━━━━━━━━━━━━━━━━━━━━━━━━━━━━━━━━━━━━━━━ 1.2/1.2 MB 32.6 MB/s eta 0:00:00
#10 24.10 Downloading pypdfium2-5.12.1-py3-none-manylinux_2_17_x86_64.manylinux2014_x86_64.whl (3.7 MB)
#10 24.23    ━━━━━━━━━━━━━━━━━━━━━━━━━━━━━━━━━━━━━━━━ 3.7/3.7 MB 30.1 MB/s eta 0:00:00
#10 24.25 Downloading python_dotenv-1.2.2-py3-none-any.whl (22 kB)
#10 24.27 Downloading scipy-1.17.1-cp311-cp311-manylinux_2_27_x86_64.manylinux_2_28_x86_64.whl (35.3 MB)
#10 25.50    ━━━━━━━━━━━━━━━━━━━━━━━━━━━━━━━━━━━━━━━━ 35.3/35.3 MB 28.4 MB/s eta 0:00:00
#10 25.52 Downloading six-1.17.0-py2.py3-none-any.whl (11 kB)
#10 25.54 Downloading starlette-1.4.1-py3-none-any.whl (74 kB)
#10 25.55    ━━━━━━━━━━━━━━━━━━━━━━━━━━━━━━━━━━━━━━━━ 74.0/74.0 kB 29.5 MB/s eta 0:00:00
#10 25.57 Downloading anyio-4.14.2-py3-none-any.whl (125 kB)
#10 25.58    ━━━━━━━━━━━━━━━━━━━━━━━━━━━━━━━━━━━━━━━━ 125.8/125.8 kB 24.1 MB/s eta 0:00:00
#10 25.59 Downloading idna-3.18-py3-none-any.whl (65 kB)
#10 25.60    ━━━━━━━━━━━━━━━━━━━━━━━━━━━━━━━━━━━━━━━━ 65.5/65.5 kB 16.4 MB/s eta 0:00:00
#10 25.62 Downloading threadpoolctl-3.6.0-py3-none-any.whl (18 kB)
#10 25.64 Downloading typing_extensions-4.16.0-py3-none-any.whl (45 kB)
#10 25.64    ━━━━━━━━━━━━━━━━━━━━━━━━━━━━━━━━━━━━━━━━ 45.6/45.6 kB 28.0 MB/s eta 0:00:00
#10 25.66 Downloading typing_inspection-0.4.2-py3-none-any.whl (14 kB)
#10 25.69 Downloading uvloop-0.22.1-cp311-cp311-manylinux2014_x86_64.manylinux_2_17_x86_64.manylinux_2_28_x86_64.whl (3.8 MB)
#10 25.82    ━━━━━━━━━━━━━━━━━━━━━━━━━━━━━━━━━━━━━━━━ 3.8/3.8 MB 30.0 MB/s eta 0:00:00
#10 25.84 Downloading watchfiles-1.2.0-cp311-cp311-manylinux_2_17_x86_64.manylinux2014_x86_64.whl (456 kB)
#10 25.86    ━━━━━━━━━━━━━━━━━━━━━━━━━━━━━━━━━━━━━━━━ 456.9/456.9 kB 28.4 MB/s eta 0:00:00
#10 25.88 Downloading websockets-17.0.1-cp311-cp311-manylinux1_x86_64.manylinux_2_28_x86_64.manylinux_2_5_x86_64.whl (219 kB)
#10 25.89    ━━━━━━━━━━━━━━━━━━━━━━━━━━━━━━━━━━━━━━━━ 219.9/219.9 kB 29.8 MB/s eta 0:00:00
#10 25.92 Downloading certifi-2026.7.22-py3-none-any.whl (136 kB)
#10 25.92    ━━━━━━━━━━━━━━━━━━━━━━━━━━━━━━━━━━━━━━━━ 137.0/137.0 kB 25.4 MB/s eta 0:00:00
#10 25.94 Downloading colorlog-6.12.0-py3-none-any.whl (12 kB)
#10 25.96 Downloading graphviz-0.21-py3-none-any.whl (47 kB)
#10 25.97    ━━━━━━━━━━━━━━━━━━━━━━━━━━━━━━━━━━━━━━━━ 47.3/47.3 kB 26.6 MB/s eta 0:00:00
#10 25.99 Downloading mako-1.4.1-py3-none-any.whl (80 kB)
#10 25.99    ━━━━━━━━━━━━━━━━━━━━━━━━━━━━━━━━━━━━━━━━ 80.0/80.0 kB 24.4 MB/s eta 0:00:00
#10 26.02 Downloading matplotlib-3.11.1-cp311-cp311-manylinux2014_x86_64.manylinux_2_17_x86_64.whl (10.0 MB)
#10 26.41    ━━━━━━━━━━━━━━━━━━━━━━━━━━━━━━━━━━━━━━━━ 10.0/10.0 MB 25.8 MB/s eta 0:00:00
#10 26.43 Downloading nvidia_nccl_cu12-2.30.7-py3-none-manylinux_2_18_x86_64.whl (303.4 MB)
#10 37.68    ━━━━━━━━━━━━━━━━━━━━━━━━━━━━━━━━━━━━━━━━ 303.4/303.4 MB 27.4 MB/s eta 0:00:00
#10 37.71 Downloading plotly-6.9.0-py3-none-any.whl (9.9 MB)
#10 38.08    ━━━━━━━━━━━━━━━━━━━━━━━━━━━━━━━━━━━━━━━━ 9.9/9.9 MB 26.7 MB/s eta 0:00:00
#10 38.10 Downloading charset_normalizer-3.4.9-cp311-cp311-manylinux2014_x86_64.manylinux_2_17_x86_64.manylinux_2_28_x86_64.whl (221 kB)
#10 38.12    ━━━━━━━━━━━━━━━━━━━━━━━━━━━━━━━━━━━━━━━━ 221.3/221.3 kB 14.6 MB/s eta 0:00:00
#10 38.14 Downloading contourpy-1.3.3-cp311-cp311-manylinux_2_27_x86_64.manylinux_2_28_x86_64.whl (355 kB)
#10 38.16    ━━━━━━━━━━━━━━━━━━━━━━━━━━━━━━━━━━━━━━━━ 355.2/355.2 kB 31.2 MB/s eta 0:00:00
#10 38.18 Downloading cryptography-50.0.0-cp311-abi3-manylinux_2_34_x86_64.whl (4.7 MB)
#10 38.39    ━━━━━━━━━━━━━━━━━━━━━━━━━━━━━━━━━━━━━━━━ 4.7/4.7 MB 22.6 MB/s eta 0:00:00
#10 38.41 Downloading cycler-0.12.1-py3-none-any.whl (8.3 kB)
#10 38.44 Downloading fonttools-4.63.0-cp311-cp311-manylinux2014_x86_64.manylinux_2_17_x86_64.whl (5.1 MB)
#10 38.62    ━━━━━━━━━━━━━━━━━━━━━━━━━━━━━━━━━━━━━━━━ 5.1/5.1 MB 28.5 MB/s eta 0:00:00
#10 38.64 Downloading kiwisolver-1.5.0-cp311-cp311-manylinux2014_x86_64.manylinux_2_17_x86_64.whl (1.4 MB)
#10 38.69    ━━━━━━━━━━━━━━━━━━━━━━━━━━━━━━━━━━━━━━━━ 1.4/1.4 MB 30.3 MB/s eta 0:00:00
#10 38.71 Downloading markupsafe-3.0.3-cp311-cp311-manylinux2014_x86_64.manylinux_2_17_x86_64.manylinux_2_28_x86_64.whl (22 kB)
#10 38.73 Downloading pyparsing-3.3.2-py3-none-any.whl (122 kB)
#10 38.74    ━━━━━━━━━━━━━━━━━━━━━━━━━━━━━━━━━━━━━━━━ 122.8/122.8 kB 19.3 MB/s eta 0:00:00
#10 38.77 Downloading cffi-2.1.1-cp311-cp311-manylinux2014_x86_64.manylinux_2_17_x86_64.whl (217 kB)
#10 38.77    ━━━━━━━━━━━━━━━━━━━━━━━━━━━━━━━━━━━━━━━━ 217.8/217.8 kB 46.5 MB/s eta 0:00:00
#10 38.79 Downloading pycparser-3.0-py3-none-any.whl (48 kB)
#10 38.80    ━━━━━━━━━━━━━━━━━━━━━━━━━━━━━━━━━━━━━━━━ 48.2/48.2 kB 85.0 MB/s eta 0:00:00
#10 39.87 Installing collected packages: websockets, uvloop, typing-extensions, tqdm, threadpoolctl, six, pyyaml, python-multipart, python-dotenv, pypdfium2, pyparsing, pygments, pycparser, psycopg2-binary, pluggy, Pillow, nvidia-nccl-cu12, numpy, narwhals, MarkupSafe, kiwisolver, joblib, iniconfig, idna, httptools, h11, greenlet, graphviz, fonttools, cycler, colorlog, click, charset-normalizer, certifi, annotated-types, annotated-doc, uvicorn, typing-inspection, sqlalchemy, scipy, python-dateutil, pytest, pydantic-core, plotly, Mako, httpcore, contourpy, cffi, anyio, xgboost, watchfiles, starlette, scikit-learn, pytest-asyncio, pydantic, pandas, matplotlib, lightgbm, httpx, cryptography, alembic, pydantic-settings, pdfminer.six, optuna, fastapi, catboost, pdfplumber
#10 71.77 Successfully installed Mako-1.4.1 MarkupSafe-3.0.3 Pillow-12.3.0 alembic-1.19.0 annotated-doc-0.0.5 annotated-types-0.8.0 anyio-4.14.2 catboost-1.2.10 certifi-2026.7.22 cffi-2.1.1 charset-normalizer-3.4.9 click-8.4.2 colorlog-6.12.0 contourpy-1.3.3 cryptography-50.0.0 cycler-0.12.1 fastapi-0.141.1 fonttools-4.63.0 graphviz-0.21 greenlet-3.5.4 h11-0.16.0 httpcore-1.0.9 httptools-0.8.0 httpx-0.28.1 idna-3.18 iniconfig-2.3.0 joblib-1.5.3 kiwisolver-1.5.0 lightgbm-4.7.0 matplotlib-3.11.1 narwhals-2.24.0 numpy-2.4.6 nvidia-nccl-cu12-2.30.7 optuna-4.9.0 pandas-3.0.5 pdfminer.six-20260107 pdfplumber-0.11.10 plotly-6.9.0 pluggy-1.6.0 psycopg2-binary-2.9.12 pycparser-3.0 pydantic-2.13.4 pydantic-core-2.46.4 pydantic-settings-2.14.2 pygments-2.20.0 pyparsing-3.3.2 pypdfium2-5.12.1 pytest-9.1.1 pytest-asyncio-1.4.0 python-dateutil-2.9.0.post0 python-dotenv-1.2.2 python-multipart-0.0.32 pyyaml-6.0.3 scikit-learn-1.9.0 scipy-1.17.1 six-1.17.0 sqlalchemy-2.0.51 starlette-1.4.1 threadpoolctl-3.6.0 tqdm-4.70.0 typing-extensions-4.16.0 typing-inspection-0.4.2 uvicorn-0.52.1 uvloop-0.22.1 watchfiles-1.2.0 websockets-17.0.1 xgboost-3.2.0
#10 71.78 WARNING: Running pip as the 'root' user can result in broken permissions and conflicting behaviour with the system package manager. It is recommended to use a virtual environment instead: https://pip.pypa.io/warnings/venv
#10 71.92 
#10 71.92 [notice] A new release of pip is available: 24.0 -> 26.2.1
#10 71.92 [notice] To update, run: pip install --upgrade pip
#10 DONE 74.2s

#11 [6/6] COPY . .
#11 DONE 0.7s

#12 exporting to image
#12 exporting layers
#12 exporting layers 57.4s done
#12 exporting manifest sha256:3fb78905bd71df62fb903d2f3f7e09bf729b634a84aa4e6297c85be1fa98fd0c 0.0s done
#12 exporting config sha256:aa1607e1411e547d28ca100b50e84de3bc061a83ad8a2511ff64bc27e753bc10 0.0s done
#12 exporting attestation manifest sha256:2cbc453b260bf2acaa7d8e783171e5adf413dfab1170ebf3170a5a79072ea8a1
#12 exporting attestation manifest sha256:2cbc453b260bf2acaa7d8e783171e5adf413dfab1170ebf3170a5a79072ea8a1 0.1s done
#12 exporting manifest list sha256:cf7da4329850d315bd6cad22f7ea02d9a824b6448565d027f88c7086d899d9bf 0.0s done
#12 naming to docker.io/library/window-ai-api:latest
#12 naming to docker.io/library/window-ai-api:latest 0.0s done
#12 unpacking to docker.io/library/window-ai-api:latest
#12 unpacking to docker.io/library/window-ai-api:latest 30.2s done
#12 DONE 87.9s

#13 resolving provenance for metadata file
#13 DONE 0.0s
